2.322448899038136
[2.09594 1.38468 3.5385; 2.72241 3.22862 3.49205]
3.7430916
Float32[2.18618 3.42368 4.2434; 1.39605 2.48374 3.42967]
-1.4110768471740613
[1.8463 0.569108 2.15639; -0.898292 -2.6324 -1.22299]
[1.44253,3.12706,5.65566]
6.6749991500967445
[5.96725 11.2269 2.49219; 1.12857 2.48307 4.63129]
11.367672767385077
[4.57685 -12.5424 -0.207334; 0.267701 10.5151 0.234875]
10.40288247974133
[6.37958 6.01301 3.69534; 8.39965 4.44503 6.43419]
2.0160799108007437
[1.43965 -1.48965 -0.422287; 9.2396 -1.4229 18.115]
6.240194579929413
[8.13255 3.78304 6.93277; 3.70157 1.90062 5.24836]
934.4813581342797
[47.7536 479.918 2594.28; 3563.27 18978.0 55.1636]
2.7414156514441865
[-24.4237 1.03137 -10.3413; 6.05118 -0.608966 -5.23328]
14.034194572382905
[8.47138 5.40461 23.3453; 15.3055 5.95948 1.61775]
3.902589844834468
[4.26112 5.07522 4.54738; 4.15994 2.63978 5.39623]
