6
Int32[5 7 6; 9 2 5]
3498659647
UInt32[0xd249f57f 0x4ecedd01 0x1117088d; 0x1ba76f95 0x62b34ad4 0xff571ce6]
1315079648
UInt32[0xb54dcd90 0x9caafef2 0x859643bd; 0x644f2660 0x9299101d 0xc662ce6d]
6894601508829984810
UInt64[0xe219cba5bc57be11 0xcea0f7139dbd4b35 0x8e08400eed6fac84; 0x3ec915aaa5ecc228 0x16f99b0664060777 0xa2d17317e60984cc]
0
Int32[0 0 0 1 0; 0 0 0 0 0; 0 1 0 0 0; 0 0 0 0 1]
0
Int32[1 2 1; 0 0 2; 0 0 1; 1 0 0; 0 0 0; 0 1 1]
6
Int32[5 4 7; 6 4 3; 7 9 5; 5 4 6; 5 6 9; 4 2 6]
3
Int32[2 3 3 3 4 3; 3 4 3 4 3 3; 3 3 2 2 2 2]
2
Int32[3 5 4 2 0 2; 1 4 2 5 2 4; 1 1 3 6 8 7]
0
Int32[1 2 1; 1 1 2; 1 3 0]
0
Int32[0 1 0 2; 0 1 0 1; 0 0 1 0]
